open https://www.google.com/search?q=This%20is%20a%20text%20with%20a%20few%20words%20that%20should%20be%20kept%20as%20it%20is%20over%20%20characters%20long
open https://www.google.com/search?q=Another%20sentence%20that%20should%20be%20included%20in%20the%20resulting%20search
open https://www.google.com/search?q=Another%20sentence%20that%20should%20be%20included%20in%20the%20resulting%20search
open https://www.google.com/search?q=Another%20sentence%20that%20should%20be%20included%20in%20the%20resulting%20search
