open "https://www.google.com/search?q=Here%20is%20a%20sentence%20that%20might%20be%20filtered%20out%20since%20it%20is%20number%20one"
open "https://www.google.com/search?q=Here%20is%20a%20sentence%20that%20might%20be%20filtered%20out%20since%20it%20is%20number%20two"
open "https://www.google.com/search?q=Here%20is%20a%20sentence%20that%20might%20be%20filtered%20out%20since%20it%20is%20number%20three"
open "https://www.google.com/search?q=Here%20is%20a%20sentence%20that%20might%20be%20filtered%20out%20since%20it%20is%20number%20four"
open "https://www.google.com/search?q=Here%20is%20a%20sentence%20that%20might%20be%20filtered%20out%20since%20it%20is%20number%20five"
open "https://www.google.com/search?q=Here%20is%20a%20sentence%20that%20might%20be%20filtered%20out%20since%20it%20is%20number%20six"
open "https://www.google.com/search?q=Here%20is%20a%20sentence%20that%20might%20be%20filtered%20out%20since%20it%20is%20number%20seven"
open "https://www.google.com/search?q=Here%20is%20a%20sentence%20that%20might%20be%20filtered%20out%20since%20it%20is%20number%20eight"
open "https://www.google.com/search?q=Here%20is%20a%20sentence%20that%20might%20be%20filtered%20out%20since%20it%20is%20number%20nine"
open "https://www.google.com/search?q=Here%20is%20a%20sentence%20that%20might%20be%20filtered%20out%20since%20it%20is%20number%20ten"
open "https://www.google.com/search?q=Here%20is%20a%20sentence%20that%20might%20be%20filtered%20out%20since%20it%20is%20number%20eleven"
open "https://www.google.com/search?q=Here%20is%20a%20sentence%20that%20might%20be%20filtered%20out%20since%20it%20is%20number%20twelve"
